2026-02-17 08:00:15 INFO System startup initiated
2026-02-17 08:00:18 INFO Database connection established
2026-02-17 08:00:20 INFO Application server started successfully
2026-02-17 08:05:32 WARNING High memory usage detected: 85%
2026-02-17 08:10:45 INFO User login: john.smith@company.com
2026-02-17 08:15:22 ERROR Database query timeout after 30 seconds
2026-02-17 08:15:23 WARNING Retrying database connection
2026-02-17 08:15:25 INFO Database connection restored
2026-02-17 08:20:10 INFO User login: sarah.johnson@company.com
2026-02-17 08:25:33 WARNING Disk space running low: 15% remaining
2026-02-17 08:30:45 ERROR Failed to write to log file: Permission denied
2026-02-17 08:35:12 INFO User logout: john.smith@company.com
2026-02-17 08:40:28 CRITICAL Service authentication failed - invalid credentials
2026-02-17 08:40:29 CRITICAL Security alert: Multiple failed login attempts detected
2026-02-17 08:45:50 WARNING API rate limit approaching: 95% of quota used
2026-02-17 08:50:15 INFO Scheduled backup started
2026-02-17 08:55:22 ERROR Backup failed: Insufficient storage space
2026-02-17 09:00:10 INFO User login: michael.williams@company.com
2026-02-17 09:05:45 WARNING Cache memory threshold exceeded
2026-02-17 09:10:30 INFO Cache cleared successfully
2026-02-17 09:15:18 ERROR Network connection lost to external API
2026-02-17 09:15:20 WARNING Switching to backup API endpoint
2026-02-17 09:20:55 INFO External API connection restored
2026-02-17 09:25:40 INFO User logout: sarah.johnson@company.com
2026-02-17 09:30:12 CRITICAL Database server unresponsive
2026-02-17 09:30:15 CRITICAL Failover to secondary database initiated
2026-02-17 09:30:18 INFO Secondary database connection established
2026-02-17 09:35:25 ERROR Email service unavailable
2026-02-17 09:40:33 WARNING SSL certificate expires in 7 days
2026-02-17 09:45:10 INFO User login: emily.brown@company.com
2026-02-17 09:50:28 ERROR File upload failed: File size exceeds limit
2026-02-17 09:55:45 INFO Application health check passed
2026-02-17 10:00:15 WARNING CPU usage spike detected: 92%
2026-02-17 10:05:30 INFO Load balancer adjusted traffic distribution
2026-02-17 10:10:42 ERROR Payment gateway timeout
2026-02-17 10:10:45 CRITICAL Transaction processing halted
2026-02-17 10:15:18 INFO Payment gateway connection restored
2026-02-17 10:20:25 INFO User logout: michael.williams@company.com
2026-02-17 10:25:50 WARNING Unusual traffic pattern detected
2026-02-17 10:30:12 INFO Security scan completed - no threats found
2026-02-17 10:35:33 ERROR Report generation failed: Template not found
2026-02-17 10:40:45 INFO User login: david.jones@company.com
2026-02-17 10:45:22 WARNING Database connection pool exhausted
2026-02-17 10:50:10 INFO Additional database connections allocated
2026-02-17 10:55:38 ERROR Session timeout for user: emily.brown@company.com
2026-02-17 11:00:15 INFO Scheduled maintenance window started
2026-02-17 11:05:42 WARNING Service temporarily unavailable
2026-02-17 11:10:28 INFO System updates applied successfully
2026-02-17 11:15:55 INFO Maintenance window completed
2026-02-17 11:20:10 INFO Service restored to normal operation
2026-02-17 11:25:33 CRITICAL Intrusion attempt detected from IP: 192.168.1.100
2026-02-17 11:25:35 CRITICAL IP address blocked: 192.168.1.100
2026-02-17 11:30:45 INFO Security alert sent to administrator
2026-02-17 11:35:18 ERROR Configuration file corrupted
2026-02-17 11:35:20 INFO Loading backup configuration
2026-02-17 11:40:50 INFO User login: ashley.rodriguez@company.com
2026-02-17 11:45:25 WARNING Memory leak detected in module: data_processor
2026-02-17 11:50:12 ERROR Module restart failed: data_processor
2026-02-17 11:50:15 CRITICAL Service degradation: data_processor offline
2026-02-17 11:55:40 INFO Manual intervention required
2026-02-17 12:00:10 INFO Administrator logged in: admin@company.com
2026-02-17 12:05:33 INFO data_processor module restarted successfully
2026-02-17 12:10:45 INFO All systems operational
2026-02-17 12:15:22 WARNING Backup verification incomplete
2026-02-17 12:20:10 INFO User logout: david.jones@company.com
2026-02-17 12:25:55 ERROR Log rotation failed: Disk space insufficient
2026-02-17 12:30:18 WARNING Log file size exceeds 1GB
2026-02-17 12:35:40 INFO Old log files archived to external storage
2026-02-17 12:40:25 INFO Disk space recovered: 35% available
2026-02-17 12:45:12 INFO User login: amanda.lee@company.com
2026-02-17 12:50:33 WARNING API deprecated endpoint accessed
2026-02-17 12:55:45 INFO User logout: ashley.rodriguez@company.com
2026-02-17 13:00:10 INFO Hourly system health check passed
2026-02-17 13:05:28 ERROR Database query timeout after 30 seconds
2026-02-17 13:10:42 WARNING Performance degradation detected
2026-02-17 13:15:55 INFO Performance optimization applied
2026-02-17 13:20:18 INFO System performance restored to normal
2026-02-17 13:25:30 INFO User login: jennifer.hall@company.com
2026-02-17 13:30:45 ERROR Third-party API returned error code 500
2026-02-17 13:35:22 WARNING Retrying third-party API call
2026-02-17 13:40:10 INFO Third-party API call successful
2026-02-17 13:45:33 INFO User logout: amanda.lee@company.com
2026-02-17 13:50:50 WARNING Session storage nearing capacity
2026-02-17 13:55:15 INFO Old sessions cleaned up
2026-02-17 14:00:28 INFO Daily backup completed successfully
2026-02-17 14:05:40 CRITICAL Authentication service down
2026-02-17 14:05:42 CRITICAL All user logins temporarily blocked
2026-02-17 14:10:55 ERROR Unable to reach authentication server
2026-02-17 14:15:18 INFO Authentication service restored
2026-02-17 14:20:30 INFO User login: robert.allen@company.com
2026-02-17 14:25:45 WARNING Cache hit ratio below threshold: 45%
2026-02-17 14:30:12 INFO Cache warming process initiated
2026-02-17 14:35:38 INFO User logout: jennifer.hall@company.com
2026-02-17 14:40:22 ERROR Email notification failed to send
2026-02-17 14:45:50 WARNING Email queue backing up
2026-02-17 14:50:15 INFO Email service restarted
2026-02-17 14:55:33 INFO Email queue processed successfully
2026-02-17 15:00:10 INFO End of business hours - system summary generated
